C51 COMPILER V9.60.0.0   DCMOTORPROGRAM                                                    11/10/2022 11:00:49 PAGE 1   


C51 COMPILER V9.60.0.0, COMPILATION OF MODULE DCMOTORPROGRAM
OBJECT MODULE PLACED IN .\Objects\DCMOTORPROGRAM.obj
COMPILER INVOKED BY: C:\Keil_v5\C51\BIN\C51.EXE DCMOTORPROGRAM.C OPTIMIZE(8,SPEED) BROWSE DEBUG OBJECTEXTEND PRINT(.\Lis
                    -tings\DCMOTORPROGRAM.lst) TABS(2) OBJECT(.\Objects\DCMOTORPROGRAM.obj)

line level    source

   1          #include<reg51.h>
   2          sbit motp = P1^0;
   3          sbit motn = P1^1;
   4          void main(){
   5   1        unsigned int i;
   6   1        motp = motn = 0;
   7   1        while(1){
   8   2          motp = 1;
   9   2          motn = 0;
  10   2          for(i=0; i<60000; i++);
  11   2          motp = 0;
  12   2          motn = 1;
  13   2          for(i=0; i<60000; i++);
  14   2        }
  15   1      }


MODULE INFORMATION:   STATIC OVERLAYABLE
   CODE SIZE        =     64    ----
   CONSTANT SIZE    =   ----    ----
   XDATA SIZE       =   ----    ----
   PDATA SIZE       =   ----    ----
   DATA SIZE        =   ----    ----
   IDATA SIZE       =   ----    ----
   BIT SIZE         =   ----    ----
END OF MODULE INFORMATION.


C51 COMPILATION COMPLETE.  0 WARNING(S),  0 ERROR(S)
